// Jest Snapshot v1, https://goo.gl/fbAQLP

exports[`Form component renders Form 1`] = `
<form
  onSubmit={[Function]}
>
  <input
    className="url"
    name="url"
    onChange={[Function]}
    placeholder="URL"
    type="text"
    value="url"
  />
  <section
    className="radioButtons"
  >
    <label>
      <input
        checked={false}
        className="radio"
        name="method"
        onChange={[Function]}
        type="radio"
        value="GET"
      />
      <span>
        GET
      </span>
    </label>
    <label>
      <input
        checked={false}
        className="radio"
        name="method"
        onChange={[Function]}
        type="radio"
        value="POST"
      />
      <span>
        POST
      </span>
    </label>
    <label>
      <input
        checked={false}
        className="radio"
        name="method"
        onChange={[Function]}
        type="radio"
        value="PATCH"
      />
      <span>
        PATCH
      </span>
    </label>
    <label>
      <input
        checked={false}
        className="radio"
        name="method"
        onChange={[Function]}
        type="radio"
        value="PUT"
      />
      <span>
        PUT
      </span>
    </label>
    <label>
      <input
        checked={false}
        className="radio"
        name="method"
        onChange={[Function]}
        type="radio"
        value="DELETE"
      />
      <span>
        DELETE
      </span>
    </label>
    <button>
      GO
    </button>
  </section>
  <section
    className="jsonAndAuth"
  >
    <textarea
      name="textInput"
      onChange={[Function]}
      placeholder="Raw JSON"
      type="text"
      value="textInput"
    />
    <section
      className="justAuth"
    >
      <h2>
        Basic Authorization
      </h2>
      <input
        name="userName"
        onChange={[Function]}
        placeholder="Username"
        type="text"
        value="username"
      />
      <input
        name="password"
        onChange={[Function]}
        placeholder="Password"
        type="text"
        value="password"
      />
      <h2>
        Bearer Token
      </h2>
      <input
        name="bearerToken"
        onChange={[Function]}
        placeholder="Bearer Token"
        type="text"
        value="bearerToken"
      />
    </section>
  </section>
</form>
`;
